# A fatal error has been detected by the Java Runtime Environment:
#
#   (0x7) at pc=0x00007f968f8239ab, pid=554, tid=574#
# JRE version: OpenJDK Runtime Environment (17.0.10) (build 17.0.10+0-17.0.10b1087.21-11572160)
# Java VM: OpenJDK 64-Bit Server VM (17.0.10+0-17.0.10b1087.21-11572160, mixed mode, tiered, compressed oops, compressed class ptrs, g1 gc, linux-amd64)
# Problematic frame:
# V  [libjvm.so+0xe239ab]
#
# Core dump will be written. Default location: Core dumps may be processed with "/sbin/crash_reporter --user=%P:%s:%u:%g:%f" (or dumping to /home/leerixon54/AndroidStudioProjects/Sailing/core.554)
#
# If you would like to submit a bug report, please visit:
#   https://bugreport.java.com/bugreport/crash.jsp
#

---------------  S U M M A R Y ------------

Command Line: --add-opens=java.base/java.util=ALL-UNNAMED --add-opens=java.base/java.lang=ALL-UNNAMED --add-opens=java.base/java.lang.invoke=ALL-UNNAMED --add-opens=java.prefs/java.util.prefs=ALL-UNNAMED --add-opens=java.base/java.nio.charset=ALL-UNNAMED --add-opens=java.base/java.net=ALL-UNNAMED --add-opens=java.base/java.util.concurrent.atomic=ALL-UNNAMED -Xmx2048m -Dfile.encoding=UTF-8 -Duser.country=US -Duser.language=en -Duser.variant -javaagent:/home/leerixon54/.gradle/wrapper/dists/gradle-8.6-bin/afr5mpiioh2wthjmwnkmdsd5w/gradle-8.6/lib/agents/gradle-instrumentation-agent-8.6.jar org.gradle.launcher.daemon.bootstrap.GradleDaemon 8.6

Host: Debian GNU/Linux 12 (bookworm) elapsed time: 431.343769 seconds (0d 0h 7m 11s)
---------------  T H R E A D  ---------------
WatcherThread
[0x00007f9670f00000,0x00007f9671000000]V

V
, si_addr: 0x00007f968fc7a4d8Registers:
, RBX=0x00007f968802ac90RSP=0x00007f9670ffed60
, R9 =0x00007fff539e70b0
, R14=0x0000000000000000, EFLAGS=0x0000000000010206, ERR=0x0000000000000007
Register to memory mapping:
RBX=